kotlin version: 2.0.0
error message: org.jetbrains.kotlin.backend.common.BackendException: Backend Internal error: Exception during IR fake override builder
File being compiled: /Users/sw/StudioProjects/AndroidStudyProject/presentation/src/main/java/com/study/presentation/feature/eisenhower/viewmodel/EditTodoViewModel.kt
The root cause java.lang.IllegalStateException was thrown at: org.jetbrains.kotlin.backend.common.actualizer.SpecialFakeOverrideSymbolsResolver.getReferencedSimpleFunction(SpecialFakeOverrideSymbolsResolver.kt:198)
	at org.jetbrains.kotlin.backend.common.CodegenUtil.reportBackendException(CodegenUtil.kt:253)
	at org.jetbrains.kotlin.backend.common.CodegenUtil.reportBackendException$default(CodegenUtil.kt:236)
	at org.jetbrains.kotlin.fir.pipeline.ConvertToIrKt.buildForAll(convertToIr.kt:223)
	at org.jetbrains.kotlin.fir.pipeline.ConvertToIrKt.convertToIrAndActualize(convertToIr.kt:124)
	at org.jetbrains.kotlin.fir.pipeline.ConvertToIrKt.convertToIrAndActualize$default(convertToIr.kt:65)
	at org.jetbrains.kotlin.cli.jvm.compiler.pipeline.JvmCompilerPipelineKt.convertToIrAndActualizeForJvm(jvmCompilerPipeline.kt:193)
	at org.jetbrains.kotlin.cli.jvm.compiler.pipeline.JvmCompilerPipelineKt.convertAnalyzedFirToIr(jvmCompilerPipeline.kt:167)
	at org.jetbrains.kotlin.cli.jvm.compiler.pipeline.JvmCompilerPipelineKt.compileModulesUsingFrontendIrAndLightTree(jvmCompilerPipeline.kt:138)
	at org.jetbrains.kotlin.cli.jvm.K2JVMCompiler.doExecute(K2JVMCompiler.kt:155)
	at org.jetbrains.kotlin.cli.jvm.K2JVMCompiler.doExecute(K2JVMCompiler.kt:50)
	at org.jetbrains.kotlin.cli.common.CLICompiler.execImpl(CLICompiler.kt:104)
	at org.jetbrains.kotlin.cli.common.CLICompiler.execImpl(CLICompiler.kt:48)
	at org.jetbrains.kotlin.cli.common.CLITool.exec(CLITool.kt:101)
	at org.jetbrains.kotlin.incremental.IncrementalJvmCompilerRunner.runCompiler(IncrementalJvmCompilerRunner.kt:453)
	at org.jetbrains.kotlin.incremental.IncrementalJvmCompilerRunner.runCompiler(IncrementalJvmCompilerRunner.kt:62)
	at org.jetbrains.kotlin.incremental.IncrementalCompilerRunner.doCompile(IncrementalCompilerRunner.kt:506)
	at org.jetbrains.kotlin.incremental.IncrementalCompilerRunner.compileImpl(IncrementalCompilerRunner.kt:423)
	at org.jetbrains.kotlin.incremental.IncrementalCompilerRunner.tryCompileIncrementally$lambda$9$compile(IncrementalCompilerRunner.kt:249)
	at org.jetbrains.kotlin.incremental.IncrementalCompilerRunner.tryCompileIncrementally(IncrementalCompilerRunner.kt:267)
	at org.jetbrains.kotlin.incremental.IncrementalCompilerRunner.compile(IncrementalCompilerRunner.kt:120)
	at org.jetbrains.kotlin.daemon.CompileServiceImplBase.execIncrementalCompiler(CompileServiceImpl.kt:676)
	at org.jetbrains.kotlin.daemon.CompileServiceImplBase.access$execIncrementalCompiler(CompileServiceImpl.kt:92)
	at org.jetbrains.kotlin.daemon.CompileServiceImpl.compile(CompileServiceImpl.kt:1661)
	at java.base/jdk.internal.reflect.DirectMethodHandleAccessor.invoke(Unknown Source)
	at java.base/java.lang.reflect.Method.invoke(Unknown Source)
	at java.rmi/sun.rmi.server.UnicastServerRef.dispatch(Unknown Source)
	at java.rmi/sun.rmi.transport.Transport$1.run(Unknown Source)
	at java.rmi/sun.rmi.transport.Transport$1.run(Unknown Source)
	at java.base/java.security.AccessController.doPrivileged(Unknown Source)
	at java.rmi/sun.rmi.transport.Transport.serviceCall(Unknown Source)
	at java.rmi/sun.rmi.transport.tcp.TCPTransport.handleMessages(Unknown Source)
	at java.rmi/sun.rmi.transport.tcp.TCPTransport$ConnectionHandler.run0(Unknown Source)
	at java.rmi/sun.rmi.transport.tcp.TCPTransport$ConnectionHandler.lambda$run$0(Unknown Source)
	at java.base/java.security.AccessController.doPrivileged(Unknown Source)
	at java.rmi/sun.rmi.transport.tcp.TCPTransport$ConnectionHandler.run(Unknown Source)
	at java.base/java.util.concurrent.ThreadPoolExecutor.runWorker(Unknown Source)
	at java.base/java.util.concurrent.ThreadPoolExecutor$Worker.run(Unknown Source)
	at java.base/java.lang.Thread.run(Unknown Source)
Caused by: java.lang.IllegalStateException: No override for FUN IR_EXTERNAL_JAVA_DECLARATION_STUB name:clear visibility:public/*package*/ modality:FINAL <> ($this:androidx.lifecycle.ViewModel) returnType:kotlin.Unit in CLASS CLASS name:BaseViewModel modality:ABSTRACT visibility:public superTypes:[androidx.lifecycle.ViewModel]
	at org.jetbrains.kotlin.backend.common.actualizer.SpecialFakeOverrideSymbolsResolver.getReferencedSimpleFunction(SpecialFakeOverrideSymbolsResolver.kt:198)
	at org.jetbrains.kotlin.fir.pipeline.ConvertToIrKt.resolveOverridenSymbolsInLazyClass(convertToIr.kt:165)
	at org.jetbrains.kotlin.fir.pipeline.ConvertToIrKt.buildForAll$buildFakeOverrides(convertToIr.kt:191)
	at org.jetbrains.kotlin.fir.pipeline.ConvertToIrKt.buildForAll$buildFakeOverrides(convertToIr.kt:188)
	at org.jetbrains.kotlin.fir.pipeline.ConvertToIrKt.access$buildForAll$buildFakeOverrides(convertToIr.kt:1)
	at org.jetbrains.kotlin.fir.pipeline.ConvertToIrKt$buildForAll$ClassVisitor.visitClass(convertToIr.kt:212)
	at org.jetbrains.kotlin.ir.visitors.IrElementVisitorVoid$DefaultImpls.visitClass(IrElementVisitorVoid.kt:44)
	at org.jetbrains.kotlin.fir.pipeline.ConvertToIrKt$buildForAll$ClassVisitor.visitClass(convertToIr.kt:197)
	at org.jetbrains.kotlin.fir.pipeline.ConvertToIrKt$buildForAll$ClassVisitor.visitClass(convertToIr.kt:197)
	at org.jetbrains.kotlin.ir.declarations.IrClass.accept(IrClass.kt:72)
	at org.jetbrains.kotlin.ir.declarations.IrFile.acceptChildren(IrFile.kt:34)
	at org.jetbrains.kotlin.ir.visitors.IrVisitorsKt.acceptChildrenVoid(IrVisitors.kt:15)
	at org.jetbrains.kotlin.fir.pipeline.ConvertToIrKt$buildForAll$ClassVisitor.visitElement(convertToIr.kt:199)
	at org.jetbrains.kotlin.ir.visitors.IrElementVisitorVoid$DefaultImpls.visitPackageFragment(IrElementVisitorVoid.kt:168)
	at org.jetbrains.kotlin.fir.pipeline.ConvertToIrKt$buildForAll$ClassVisitor.visitPackageFragment(convertToIr.kt:197)
	at org.jetbrains.kotlin.ir.visitors.IrElementVisitorVoid$DefaultImpls.visitFile(IrElementVisitorVoid.kt:184)
	at org.jetbrains.kotlin.fir.pipeline.ConvertToIrKt$buildForAll$ClassVisitor.visitFile(convertToIr.kt:197)
	at org.jetbrains.kotlin.ir.visitors.IrElementVisitorVoid$DefaultImpls.visitFile(IrElementVisitorVoid.kt:180)
	at org.jetbrains.kotlin.fir.pipeline.ConvertToIrKt$buildForAll$ClassVisitor.visitFile(convertToIr.kt:197)
	at org.jetbrains.kotlin.fir.pipeline.ConvertToIrKt$buildForAll$ClassVisitor.visitFile(convertToIr.kt:197)
	at org.jetbrains.kotlin.ir.declarations.IrFile.accept(IrFile.kt:28)
	at org.jetbrains.kotlin.ir.visitors.IrVisitorsKt.acceptVoid(IrVisitors.kt:11)
	at org.jetbrains.kotlin.fir.pipeline.ConvertToIrKt.buildForAll(convertToIr.kt:221)
	... 35 more


